exports[`LoadingScreen component renders properly 1`] = `
<div
  className="loading">
  <div
    className="spark-logo">
    <div
      className="spark-logo" />
  </div>
  <span>
    Connecting to Spark
  </span>
  <div
    className="spinner-container">
    <div
      className="spinner" />
  </div>
</div>
`;
