exports[`SparkLogo component renders properly 1`] = `
<div
  className="spark-logo" />
`;
